// Jest Snapshot v1, https://goo.gl/fbAQLP

exports[`structure web runs playground 1`] = `
",
/Users/Rob_LaFeve/Dev/crema-toolbox/src/internal/tests/temp
├── .eslintrc.js
├── .github
|  └── PULL_REQUEST_TEMPLATE.md
├── .prettierrc.js
├── public
|  ├── favicon.ico
|  ├── index.html
|  └── manifest.json
├── src
|  ├── assets
|  |  └── crema-logo.svg
|  ├── components
|  |  ├── App
|  |  |  ├── README.md
|  |  |  ├── __snapshots__
|  |  |  |  └── test.tsx.snap
|  |  |  ├── index.css
|  |  |  ├── index.tsx
|  |  |  ├── stories.tsx
|  |  |  └── test.tsx
|  |  └── Initializer
|  |     ├── README.md
|  |     ├── __snapshots__
|  |     |  └── test.tsx.snap
|  |     ├── index.tsx
|  |     └── test.tsx
|  ├── crema-toolbox-env.d.ts
|  ├── index.css
|  ├── index.tsx
|  ├── serviceWorker.ts
|  ├── state
|  |  ├── actions
|  |  |  ├── actionTodoAdd.ts
|  |  |  ├── actionTodoRemove.ts
|  |  |  └── actionTodoUpdate.ts
|  |  ├── index.ts
|  |  └── reducers
|  |     ├── index.ts
|  |     └── reducerTodos
|  |        ├── __snapshots__
|  |        |  └── test.ts.stnap
|  |        ├── index.ts
|  |        └── test.ts
|  └── types
|     ├── ActionType.ts
|     ├── EntityTodo.ts
|     ├── State.ts
|     └── Todo.ts
├── storybook-static
|  ├── favicon.ico
|  ├── index.html
|  ├── main.df983bacd37249bda20f.bundle.js
|  ├── runtime~main.17da544d0ef88cbabfaf.bundle.js
|  ├── sb_dll
|  |  ├── storybook_ui-manifest.json
|  |  ├── storybook_ui_dll.LICENCE
|  |  └── storybook_ui_dll.js
|  └── vendors~main.c5900a230f247ca62e95.bundle.js
└── tsconfig.json

directory: 17 file: 42 

[2K[1G,"
`;
